
> sentinel-sre@0.1.0 build
> next build

  Γû▓ Next.js 14.2.35

   Creating an optimized production build ...
node.exe : Failed to 
compile.
En C:\Program 
Files\nodejs\npm.ps1: 
29 Carácter: 3
+   & $NODE_EXE 
$NPM_CLI_JS $args
+   ~~~~~~~~~~~~~~~~~~
~~~~~~~~~~~
    + CategoryInfo    
          : NotSpeci  
  fied: (Failed to    
 compile.:String)     
[], RemoteExcepti    
on
    + FullyQualifiedE 
   rrorId : NativeCo  
  mmandError
 

./src/app/page.tsx
Module not found: 
Can't resolve '@/compo
nents/layout/Sidebar'

https://nextjs.org/doc
s/messages/module-not-
found

./src/app/page.tsx
Module not found: 
Can't resolve '@/compo
nents/layout/Header'

https://nextjs.org/doc
s/messages/module-not-
found

./src/app/page.tsx
Module not found: 
Can't resolve '@/compo
nents/ui/DashboardStat
s'

https://nextjs.org/doc
s/messages/module-not-
found

./src/app/page.tsx
Module not found: 
Can't resolve '@/compo
nents/ui/HealthRadar'

https://nextjs.org/doc
s/messages/module-not-
found

./src/app/page.tsx
Module not found: 
Can't resolve '@/compo
nents/ui/ServiceStatus
'

https://nextjs.org/doc
s/messages/module-not-
found


> Build failed 
because of webpack 
errors
